Info: %s%s%s%s%s
Info: Team1: 123B, D
Info: Team2: C, zzzzA
S: Q 7
C: Q 7 3
D: K T 7 5
H: A T 6 2
Info: 123B bids 7H
[7H] - Bid (or pass)> Info: D bids 8S
Info: zzzzA passes
Info: 123B passes
Info: D plays TS
Info: zzzzA plays 9S
Info: 123B plays AS
S: Q 7
C: Q 7 3
D: K T 7 5
H: A T 6 2
[S] play> Info: 123B won
Info: 123B plays KS
S: Q
C: Q 7 3
D: K T 7 5
H: A T 6 2
[S] play> Info: D plays 6S
Info: zzzzA plays 4S
Info: 123B won
Info: 123B plays QH
S:
C: Q 7 3
D: K T 7 5
H: A T 6 2
[H] play> Info: D plays 4H
Info: zzzzA plays 5H
Info: C won
S:
C: Q 7 3
D: K T 7 5
H: T 6 2
Lead> Info: D plays 2C
Info: zzzzA plays 4C
Info: 123B plays 5C
Info: C won
S:
C: 7 3
D: K T 7 5
H: T 6 2
Lead> Info: D plays 3D
Info: zzzzA plays 2D
Info: 123B plays JS
Info: 123B won
Info: 123B plays 7H
S:
C: 7 3
D: T 7 5
H: T 6 2
[H] play> Info: D plays 9H
Info: zzzzA plays 8H
Info: C won
S:
C: 7 3
D: T 7 5
H: 6 2
Lead> Info: D plays AC
Info: zzzzA plays 9C
Info: 123B plays 8C
Info: D won
Info: D plays KH
Info: zzzzA plays JH
Info: 123B plays 3H
S:
C: 3
D: T 7 5
H: 6 2
[H] play> Info: D won
Info: D plays TC
Info: zzzzA plays KC
Info: 123B plays JC
S:
C: 3
D: T 7 5
H: 6
[C] play> Info: zzzzA won
Info: zzzzA plays AD
Info: 123B plays 2S
S:
C:
D: T 7 5
H: 6
[D] play> Info: D plays JD
Info: 123B won
Info: 123B plays 8S
S:
C:
D: T 7
H: 6
[S] play> Info: D plays 6C
Info: zzzzA plays QD
Info: 123B won
Info: 123B plays 3S
S:
C:
D: T
H: 6
[S] play> Info: D plays 6D
Info: zzzzA plays 4D
Info: 123B won
Info: 123B plays 5S
S:
C:
D:
H: 6
[S] play> Info: D plays 9D
Info: zzzzA plays 8D
Info: 123B won
Info: Team 1=220, Team 2=0
S: Q 7
C: Q 9 3
D: K T 7 5
H: A T 6 2
Info: 123B bids 6S
[6S] - Bid (or pass)> Info: D passes
Info: zzzzA passes
Info: 123B passes
S: Q 7
C: Q 9 3
D: K T 7 5
H: A T 6 2
Lead> Info: D plays KH
Info: zzzzA plays 5H
Info: 123B plays 3H
Info: C won
S: Q 7
C: Q 9 3
D: K T 7 5
H: T 6 2
Lead> Info: D plays 3D
Info: zzzzA plays AD
Info: 123B plays 2S
Info: zzzzA won
Info: zzzzA plays KC
Info: 123B plays 5C
S: Q 7
C: Q 9 3
D: T 7 5
H: T 6 2
[C] play> Info: D plays 2C
Info: zzzzA won
Info: zzzzA plays QD
Info: 123B plays TC
S: Q 7
C: Q 9
D: T 7 5
H: T 6 2
[D] play> S: Q 7
C: Q 9
D: T 7 5
H: T 6 2
[D] play> Info: D plays 6D
Info: zzzzA won
Info: zzzzA plays 9S
Info: 123B plays AS
S: Q 7
C: Q 9
D: T 7
H: T 6 2
[S] play> Info: D plays 6S
Info: 123B won
Info: 123B plays KS
S: Q
C: Q 9
D: T 7
H: T 6 2
[S] play> Info: D plays TS
Info: zzzzA plays 4S
Info: 123B won
Info: 123B plays 3S
S:
C: Q 9
D: T 7
H: T 6 2
[S] play> Info: D plays 6C
Info: zzzzA plays 2D
Info: C won
S:
C: Q 9
D: T 7
H: 6 2
Lead> Info: D plays AC
Info: zzzzA plays 4C
Info: 123B plays JC
Info: D won
Info: D plays 4H
Info: zzzzA plays 8H
Info: 123B plays 7H
S:
C: 9
D: T 7
H: 6 2
[H] play> Info: zzzzA won
Info: zzzzA plays JH
Info: 123B plays QH
S:
C: 9
D: T 7
H: 6
[H] play> Info: D plays 9H
Info: 123B won
Info: 123B plays 5S
S:
C: 9
D: T 7
H:
[S] play> Info: D plays 9D
Info: zzzzA plays 4D
Info: 123B won
Info: 123B plays 8S
S:
C: 9
D: T
H:
[S] play> Info: D plays 8C
Info: zzzzA plays 7C
Info: 123B won
Info: 123B plays JS
S:
C:
D: T
H:
[S] play> Info: D plays JD
Info: zzzzA plays 8D
Info: 123B won
Info: Team 1=220, Team 2=150
S: T 6
C: A T 6 2
D: J 9 6 3
H: K 9 4
Info: 123B bids 6S
[6S] - Bid (or pass)> Info: D passes
Info: zzzzA passes
Info: 123B passes
S: T 6
C: A T 6 2
D: J 9 6 3
H: K 9 4
Lead> Info: D plays KC
Info: zzzzA plays 5C
Info: 123B plays 3C
Info: C won
S: T 6
C: T 6 2
D: J 9 6 3
H: K 9 4
Lead> Info: D plays 4C
Info: zzzzA plays 8C
Info: 123B plays 7C
Info: C won
S: T 6
C: 6 2
D: J 9 6 3
H: K 9 4
Lead> Info: D plays 5H
Info: zzzzA plays 3H
Info: 123B plays 2H
Info: C won
S: T 6
C: 6 2
D: J 9 6 3
H: 9 4
Lead> Info: D plays 2D
Info: zzzzA plays 2S
Info: 123B plays 5D
Info: C won
S: T 6
C: 6 2
D: 9 6 3
H: 9 4
Lead> Info: D plays 4D
Info: zzzzA plays 3S
Info: 123B plays 7D
Info: C won
S: T 6
C: 6 2
D: 6 3
H: 9 4
Lead> Info: D plays JH
Info: zzzzA plays 7H
Info: 123B plays AH
Info: 123B won
Info: 123B plays QC
S: T 6
C: 6 2
D: 6 3
H: 4
[C] play> S: T 6
C: 6 2
D: 6 3
H: 4
[C] play> Info: D plays 9C
Info: zzzzA plays JC
Info: 123B won
Info: 123B plays 6H
S: T 6
C: 6
D: 6 3
H: 4
[H] play> Info: D plays 8H
Info: zzzzA plays QH
Info: zzzzA won
Info: zzzzA plays 5S
Info: 123B plays QS
S: T 6
C: 6
D: 6 3
H:
[S] play> Info: D plays 4S
Info: 123B won
Info: 123B plays 7S
S: T
C: 6
D: 6 3
H:
[S] play> Info: D plays 9S
Info: zzzzA plays 8S
Info: C won
S:
C: 6
D: 6 3
H:
Lead> Info: D plays 8D
Info: zzzzA plays JS
Info: 123B plays TD
Info: C won
S:
C:
D: 6 3
H:
Lead> Info: D plays AD
Info: zzzzA plays KS
Info: 123B plays KD
Info: D won
Info: D plays QD
Info: zzzzA plays AS
Info: 123B plays TH
S:
C:
D: 6
H:
[D] play> Info: 123B won
Info: Team 1=220, Team 2=350
S: Q 7
C: Q 7 3
D: K T 7 5
H: A T 6 2
Info: 123B bids 9H
Info: 123B plays 2S
S: Q 7
C: Q 7 3
D: K T 7 5
H: A T 6 2
[S] play> Info: D plays TS
Info: zzzzA plays 4S
Info: C won
S: 7
C: Q 7 3
D: K T 7 5
H: A T 6 2
Lead> Info: D plays AC
Info: zzzzA plays KC
Info: 123B plays 5C
Info: D won
Info: D plays KH
Info: zzzzA plays 5H
Info: 123B plays 3H
S: 7
C: Q 7
D: K T 7 5
H: A T 6 2
[H] play> Info: C won
S: 7
C: Q 7
D: K T 7 5
H: T 6 2
Lead> Info: D plays 6S
Info: zzzzA plays 9S
Info: 123B plays 3S
Info: zzzzA won
Info: zzzzA plays AD
Info: 123B plays 8C
S:
C: Q 7
D: K T 7 5
H: T 6 2
[D] play> Info: D plays JD
Info: zzzzA won
Info: zzzzA plays 9C
Info: 123B plays JC
S:
C: Q 7
D: K T 7
H: T 6 2
[C] play> Info: D plays TC
Info: 123B won
Info: 123B plays AS
S:
C: Q
D: K T 7
H: T 6 2
[S] play> Info: D plays 6C
Info: zzzzA plays 8H
Info: zzzzA won
Info: zzzzA plays JH
Info: 123B plays QH
S:
C: Q
D: T 7
H: T 6 2
[H] play> Info: D plays 4H
Info: 123B won
Info: 123B plays 7H
S:
C: Q
D: T 7
H: T 6
[H] play> Info: D plays 9H
Info: zzzzA plays 2D
Info: D won
Info: D plays 2C
Info: zzzzA plays 4C
Info: 123B plays 5S
S:
C: Q
D: T 7
H: T
[C] play> S:
C: Q
D: T 7
H: T
[C] play> Info: C won
S:
C:
D: T 7
H: T
Lead> Info: D plays 3D
Info: zzzzA plays QD
Info: 123B plays 8S
Info: zzzzA won
Info: zzzzA plays 8D
Info: 123B plays JS
S:
C:
D: T
H: T
[D] play> Info: D plays 9D
Info: C won
S:
C:
D:
H: T
Lead> Info: D plays 6D
Info: zzzzA plays 4D
Info: 123B plays KS
Info: C won
Info: Team 1=-80, Team 2=350
S: Q 7
C: Q 9 3
D: K T 7 5
H: A T 6 2
Info: 123B bids 9H
Info: 123B plays 3H
S: Q 7
C: Q 9 3
D: K T 7 5
H: A T 6 2
[H] play> Info: D plays 4H
Info: zzzzA plays 5H
Info: C won
S: Q 7
C: Q 9 3
D: K T 7 5
H: T 6 2
Lead> Info: D plays TS
Info: zzzzA plays 4S
Info: 123B plays AS
Info: 123B won
Info: 123B plays KS
S: Q
C: Q 9 3
D: K T 7 5
H: T 6 2
[S] play> Info: D plays 6S
Info: zzzzA plays 9S
Info: 123B won
Info: 123B plays 5C
S:
C: Q 9 3
D: K T 7 5
H: T 6 2
[C] play> Info: D plays 2C
Info: zzzzA plays 4C
Info: C won
S:
C: 9 3
D: K T 7 5
H: T 6 2
Lead> Info: D plays 3D
Info: zzzzA plays 2D
Info: 123B plays 7H
Info: 123B won
Info: 123B plays QH
S:
C: 9 3
D: T 7 5
H: T 6 2
[H] play> Info: D plays 9H
Info: zzzzA plays 8H
Info: 123B won
Info: 123B plays 2S
S:
C: 9 3
D: T 7 5
H: 6 2
[S] play> Info: D plays AC
Info: zzzzA plays 4D
Info: C won
S:
C: 9 3
D: T 7 5
H: 6
Lead> Info: D plays KH
Info: zzzzA plays JH
Info: 123B plays 3S
Info: D won
Info: D plays JD
Info: zzzzA plays AD
Info: 123B plays 5S
S:
C: 9 3
D: T 7 5
H:
[D] play> S:
C: 9 3
D: T 7 5
H:
[D] play> Info: zzzzA won
Info: zzzzA plays 7C
Info: 123B plays JC
S:
C: 9 3
D: T 7
H:
[C] play> Info: D plays 8C
Info: 123B won
Info: 123B plays 8S
S:
C: 9
D: T 7
H:
[S] play> Info: D plays 6D
Info: zzzzA plays KC
Info: 123B won
Info: 123B plays JS
S:
C:
D: T 7
H:
[S] play> Info: D plays 6C
Info: zzzzA plays 8D
Info: 123B won
Info: 123B plays TC
S:
C:
D: T
H:
[C] play> Info: D plays 9D
Info: zzzzA plays QD
Info: 123B won
Info: Team 1=220, Team 2=350
S: T 6
C: A T 6 2
D: J 9 6 3
H: K 9 4
Info: 123B bids 9H
Info: 123B plays AH
S: T 6
C: A T 6 2
D: J 9 6 3
H: K 9 4
[H] play> Info: D plays 5H
Info: zzzzA plays 3H
Info: 123B won
Info: 123B plays KD
S: T 6
C: A T 6 2
D: J 9 6 3
H: 9 4
[D] play> Info: D plays 2D
Info: zzzzA plays 7H
Info: zzzzA won
Info: zzzzA plays QH
Info: 123B plays 2H
S: T 6
C: A T 6 2
D: 9 6 3
H: 9 4
[H] play> Info: D plays 8H
Info: zzzzA won
Info: zzzzA plays AS
Info: 123B plays 7S
S: T 6
C: A T 6 2
D: 9 6 3
H: 9
[S] play> Info: D plays 4S
Info: zzzzA won
Info: zzzzA plays KS
Info: 123B plays QS
S: T
C: A T 6 2
D: 9 6 3
H: 9
[S] play> Info: D plays 9S
Info: zzzzA won
Info: zzzzA plays JS
Info: 123B plays 6H
S:
C: A T 6 2
D: 9 6 3
H: 9
[S] play> Info: D plays 4C
Info: 123B won
Info: 123B plays QC
S:
C: T 6 2
D: 9 6 3
H: 9
[C] play> Info: D plays 9C
Info: zzzzA plays 5C
Info: 123B won
Info: 123B plays 7C
S:
C: 6 2
D: 9 6 3
H: 9
[C] play> Info: D plays KC
Info: zzzzA plays 8C
Info: D won
Info: D plays AD
Info: zzzzA plays 8S
Info: 123B plays TD
S:
C: 6
D: 9 6 3
H: 9
[D] play> Info: D won
Info: D plays JH
Info: zzzzA plays 2S
Info: 123B plays TH
S:
C: 6
D: 6 3
H: 9
[H] play> Info: D won
Info: D plays 4D
Info: zzzzA plays 3S
Info: 123B plays 5D
S:
C: 6
D: 6 3
H:
[D] play> Info: 123B won
Info: 123B plays 7D
S:
C: 6
D: 6
H:
[D] play> Info: D plays 8D
Info: zzzzA plays JC
Info: D won
Info: D plays QD
Info: zzzzA plays 5S
Info: 123B plays 3C
S:
C: 6
D:
H:
[D] play> Info: D won
Info: Team 1=520, Team 2=350
Info: Winner is Team 1
