Info: %s%s%s%s%s
Info: Team1: 123B, D
Info: Team2: C, zzzzA
S: A K J 8 5 3 2
C: J 8 5
D:
H: Q 7 3
Bid> Info: C passes
Info: D bids 8S
Info: zzzzA passes
[8S] - Bid (or pass)> Info: D plays TS
Info: zzzzA plays 9S
S: A K J 8 5 3 2
C: J 8 5
D:
H: Q 7 3
[S] play> Info: C plays 7S
Info: 123B won
S: K J 8 5 3 2
C: J 8 5
D:
H: Q 7 3
Lead> Info: C plays QS
Info: D plays 6S
Info: zzzzA plays 4S
Info: 123B won
S: J 8 5 3 2
C: J 8 5
D:
H: Q 7 3
Lead> Info: C plays AH
Info: D plays 4H
Info: zzzzA plays 5H
Info: C won
Info: C plays QC
Info: D plays 2C
Info: zzzzA plays 4C
S: J 8 5 3 2
C: J 8 5
D:
H: 7 3
[C] play> S: J 8 5 3 2
C: J 8 5
D:
H: 7 3
[C] play> Info: C won
Info: C plays KD
Info: D plays 3D
Info: zzzzA plays 2D
S: J 8 5 3 2
C: J 8
D:
H: 7 3
[D] play> Info: 123B won
S: 8 5 3 2
C: J 8
D:
H: 7 3
Lead> Info: C plays TH
Info: D plays 9H
Info: zzzzA plays 8H
Info: C won
Info: C plays 7C
Info: D plays AC
Info: zzzzA plays 9C
S: 8 5 3 2
C: J 8
D:
H: 3
[C] play> Info: D won
Info: D plays KH
Info: zzzzA plays JH
S: 8 5 3 2
C: J
D:
H: 3
[H] play> Info: C plays 2H
Info: D won
Info: D plays TC
Info: zzzzA plays KC
S: 8 5 3 2
C: J
D:
H:
[C] play> Info: C plays 3C
Info: zzzzA won
Info: zzzzA plays AD
S: 8 5 3 2
C:
D:
H:
[D] play> Info: C plays 5D
Info: D plays JD
Info: 123B won
S: 8 5 3
C:
D:
H:
Lead> Info: C plays 7D
Info: D plays 6C
Info: zzzzA plays QD
Info: 123B won
S: 5 3
C:
D:
H:
Lead> Info: C plays TD
Info: D plays 6D
Info: zzzzA plays 4D
Info: 123B won
S: 5
C:
D:
H:
Lead> Info: C plays 6H
Info: D plays 9D
Info: zzzzA plays 8D
Info: 123B won
Info: Team 1=220, Team 2=0
S: A K J 8 5 3 2
C: J T 5
D:
H: Q 7 3
Bid> Bid> Info: C bids 6H
Info: D passes
Info: zzzzA passes
[6H] - Bid (or pass)> [6H] - Bid (or pass)> Info: C plays AH
Info: D plays KH
Info: zzzzA plays 5H
S: A K J 8 5 3 2
C: J T 5
D:
H: Q 7 3
[H] play> Info: C won
Info: C plays KD
Info: D plays 3D
Info: zzzzA plays AD
S: A K J 8 5 3 2
C: J T 5
D:
H: Q 7
[D] play> Info: zzzzA won
Info: zzzzA plays KC
S: A K J 8 5 3
C: J T 5
D:
H: Q 7
[C] play> Info: C plays 3C
Info: D plays 2C
Info: zzzzA won
Info: zzzzA plays QD
S: A K J 8 5 3
C: J T
D:
H: Q 7
[D] play> Info: C plays 5D
Info: D plays 6D
Info: zzzzA won
Info: zzzzA plays 9S
S: A K J 8 5 3
C: J
D:
H: Q 7
[S] play> Info: C plays 7S
Info: D plays 6S
Info: 123B won
S: K J 8 5 3
C: J
D:
H: Q 7
Lead> Info: C plays QS
Info: D plays TS
Info: zzzzA plays 4S
Info: 123B won
S: J 8 5 3
C: J
D:
H: Q 7
Lead> Info: C plays TH
Info: D plays 6C
Info: zzzzA plays 2D
Info: C won
Info: C plays QC
Info: D plays AC
Info: zzzzA plays 4C
S: J 8 5
C: J
D:
H: Q 7
[C] play> Info: D won
Info: D plays 4H
Info: zzzzA plays 8H
S: J 8 5
C:
D:
H: Q 7
[H] play> Info: C plays 2H
Info: zzzzA won
Info: zzzzA plays JH
S: J 8 5
C:
D:
H: Q
[H] play> Info: C plays 6H
Info: D plays 9H
Info: 123B won
S: J 8 5
C:
D:
H:
Lead> Info: C plays 7D
Info: D plays 9D
Info: zzzzA plays 4D
Info: 123B won
S: J 8
C:
D:
H:
Lead> Info: C plays 9C
Info: D plays 8C
Info: zzzzA plays 7C
Info: 123B won
S: J
C:
D:
H:
Lead> Info: C plays TD
Info: D plays JD
Info: zzzzA plays 8D
Info: 123B won
Info: Team 1=220, Team 2=150
S: Q 7
C: Q 7 3
D: K T 7 5
H: A T 6 2
Bid> Info: C bids 7H
Info: D passes
Info: zzzzA passes
[7H] - Bid (or pass)> Info: C plays AC
Info: D plays KC
Info: zzzzA plays 5C
S: Q 7
C: Q 7 3
D: K T 7 5
H: A T 6 2
[C] play> Info: C won
Info: C plays TC
Info: D plays 4C
Info: zzzzA plays 8C
S: Q 7
C: Q 7
D: K T 7 5
H: A T 6 2
[C] play> Info: C won
Info: C plays KH
Info: D plays 5H
Info: zzzzA plays 3H
S: Q 7
C: Q
D: K T 7 5
H: A T 6 2
[H] play> Info: C won
Info: C plays JD
Info: D plays 2D
Info: zzzzA plays 2S
S: Q 7
C: Q
D: K T 7 5
H: A T 6
[D] play> Info: C won
Info: C plays 9D
Info: D plays 4D
Info: zzzzA plays 3S
S: Q 7
C: Q
D: K T 7
H: A T 6
[D] play> Info: C won
Info: C plays 9H
Info: D plays JH
Info: zzzzA plays 7H
S: Q 7
C: Q
D: K T
H: A T 6
[H] play> Info: 123B won
S: Q 7
C: Q
D: K T
H: T 6
Lead> Info: C plays 2C
Info: D plays 9C
Info: zzzzA plays JC
Info: 123B won
S: Q 7
C:
D: K T
H: T 6
Lead> Info: C plays 4H
Info: D plays 8H
Info: zzzzA plays QH
Info: zzzzA won
Info: zzzzA plays 5S
S: Q 7
C:
D: K T
H: T
[S] play> Info: C plays 6S
Info: D plays 4S
Info: 123B won
S: 7
C:
D: K T
H: T
Lead> Info: C plays TS
Info: D plays 9S
Info: zzzzA plays 8S
Info: C won
Info: C plays 6C
Info: D plays 8D
Info: zzzzA plays JS
S:
C:
D: K T
H: T
[C] play> Info: C won
Info: C plays 3D
Info: D plays AD
Info: zzzzA plays KS
S:
C:
D: K
H: T
[D] play> Info: D won
Info: D plays QD
Info: zzzzA plays AS
S:
C:
D:
H: T
[D] play> Info: C plays 6D
Info: 123B won
Info: Team 1=220, Team 2=350
S: A K J 8 5 3 2
C: J 8 5
D:
H: Q 7 3
Bid> S: A K J 8 5 3 2
C: J 8 5
D:
H: Q 7 3
Lead> Info: C plays QS
Info: D plays TS
Info: zzzzA plays 4S
Info: C won
Info: C plays 3C
Info: D plays AC
Info: zzzzA plays KC
S: A K J 8 5 3
C: J 8 5
D:
H: Q 7 3
[C] play> Info: D won
Info: D plays KH
Info: zzzzA plays 5H
S: A K J 8 5 3
C: J 8
D:
H: Q 7 3
[H] play> Info: C plays AH
Info: C won
Info: C plays 7S
Info: D plays 6S
Info: zzzzA plays 9S
S: A K J 8 5 3
C: J 8
D:
H: Q 7
[S] play> Info: zzzzA won
Info: zzzzA plays AD
S: A K J 8 5
C: J 8
D:
H: Q 7
[D] play> Info: C plays 5D
Info: D plays JD
Info: zzzzA won
Info: zzzzA plays 9C
S: A K J 8 5
C: J
D:
H: Q 7
[C] play> Info: C plays 7C
Info: D plays TC
Info: 123B won
S: A K J 8 5
C:
D:
H: Q 7
Lead> Info: C plays KD
Info: D plays 6C
Info: zzzzA plays 8H
Info: zzzzA won
Info: zzzzA plays JH
S: K J 8 5
C:
D:
H: Q 7
[H] play> Info: C plays 2H
Info: D plays 4H
Info: 123B won
S: K J 8 5
C:
D:
H: 7
Lead> Info: C plays 6H
Info: D plays 9H
Info: zzzzA plays 2D
Info: D won
Info: D plays 2C
Info: zzzzA plays 4C
S: K J 8 5
C:
D:
H:
[C] play> Info: C plays QC
Info: C won
Info: C plays 7D
Info: D plays 3D
Info: zzzzA plays QD
S: K J 8
C:
D:
H:
[D] play> Info: zzzzA won
Info: zzzzA plays 8D
S: K J
C:
D:
H:
[D] play> Info: C plays TD
Info: D plays 9D
Info: C won
Info: C plays TH
Info: D plays 6D
Info: zzzzA plays 4D
S: K
C:
D:
H:
[H] play> Info: C won
Info: Team 1=-80, Team 2=350
S: A K J 8 5 3 2
C: J T 5
D:
H: Q 7 3
Bid> Bid> S: A K J 8 5 3 2
C: J T 5
D:
H: Q 7 3
Lead> Info: C plays AH
Info: D plays 4H
Info: zzzzA plays 5H
Info: C won
Info: C plays 7S
Info: D plays TS
Info: zzzzA plays 4S
S: A K J 8 5 3 2
C: J T 5
D:
H: Q 7
[S] play> Info: 123B won
S: K J 8 5 3 2
C: J T 5
D:
H: Q 7
Lead> Info: C plays QS
Info: D plays 6S
Info: zzzzA plays 9S
Info: 123B won
S: J 8 5 3 2
C: J T 5
D:
H: Q 7
Lead> Info: C plays QC
Info: D plays 2C
Info: zzzzA plays 4C
Info: C won
Info: C plays KD
Info: D plays 3D
Info: zzzzA plays 2D
S: J 8 5 3 2
C: J T
D:
H: Q 7
[D] play> Info: 123B won
S: J 8 5 3 2
C: J T
D:
H: Q
Lead> Info: C plays TH
Info: D plays 9H
Info: zzzzA plays 8H
Info: 123B won
S: J 8 5 3 2
C: J T
D:
H:
Lead> Info: C plays 2H
Info: D plays AC
Info: zzzzA plays 4D
Info: C won
Info: C plays 6H
Info: D plays KH
Info: zzzzA plays JH
S: J 8 5 3
C: J T
D:
H:
[H] play> Info: D won
Info: D plays JD
Info: zzzzA plays AD
S: J 8 5
C: J T
D:
H:
[D] play> Info: C plays 5D
Info: zzzzA won
Info: zzzzA plays 7C
S: J 8
C: J T
D:
H:
[C] play> Info: C plays 3C
Info: D plays 8C
Info: 123B won
S: J 8
C: T
D:
H:
Lead> Info: C plays 9C
Info: D plays 6D
Info: zzzzA plays KC
Info: 123B won
S: J
C: T
D:
H:
Lead> Info: C plays 7D
Info: D plays 6C
Info: zzzzA plays 8D
Info: 123B won
S:
C: T
D:
H:
Lead> Info: C plays TD
Info: D plays 9D
Info: zzzzA plays QD
Info: 123B won
Info: Team 1=220, Team 2=350
S: Q 7
C: Q 7 3
D: K T 7 5
H: A T 6 2
Bid> S: Q 7
C: Q 7 3
D: K T 7 5
H: A T 6 2
Lead> S: Q 7
C: Q 7 3
D: K T 7 5
H: A T 6 2
Lead> Info: C plays KH
Info: D plays 5H
Info: zzzzA plays 3H
Info: 123B won
S: Q 7
C: Q 7 3
D: K T 7 5
H: T 6 2
Lead> Info: C plays JD
Info: D plays 2D
Info: zzzzA plays 7H
Info: zzzzA won
Info: zzzzA plays QH
S: Q 7
C: Q 7 3
D: T 7 5
H: T 6 2
[H] play> Info: C plays 4H
Info: D plays 8H
Info: zzzzA won
Info: zzzzA plays AS
S: Q 7
C: Q 7 3
D: T 7 5
H: T 6
[S] play> Info: C plays 6S
Info: D plays 4S
Info: zzzzA won
Info: zzzzA plays KS
S: Q
C: Q 7 3
D: T 7 5
H: T 6
[S] play> S: Q
C: Q 7 3
D: T 7 5
H: T 6
[S] play> Info: C plays TS
Info: D plays 9S
Info: zzzzA won
Info: zzzzA plays JS
S:
C: Q 7 3
D: T 7 5
H: T 6
[S] play> Info: C plays AC
Info: D plays 4C
Info: 123B won
S:
C: Q 7 3
D: T 7 5
H: T
Lead> Info: C plays TC
Info: D plays 9C
Info: zzzzA plays 5C
Info: 123B won
S:
C: 7 3
D: T 7 5
H: T
Lead> Info: C plays 2C
Info: D plays KC
Info: zzzzA plays 8C
Info: D won
Info: D plays AD
Info: zzzzA plays 8S
S:
C: 3
D: T 7 5
H: T
[D] play> Info: C plays 9D
Info: D won
Info: D plays JH
Info: zzzzA plays 2S
S:
C: 3
D: 7 5
H: T
[H] play> S:
C: 3
D: 7 5
H: T
[H] play> Info: C plays 9H
Info: D won
Info: D plays 4D
Info: zzzzA plays 3S
S:
C: 3
D: 7 5
H:
[D] play> Info: C plays 3D
Info: 123B won
S:
C: 3
D: 7
H:
Lead> Info: C plays 6D
Info: D plays 8D
Info: zzzzA plays JC
Info: D won
Info: D plays QD
Info: zzzzA plays 5S
S:
C: 3
D:
H:
[D] play> Info: C plays 6C
Info: D won
Info: Team 1=520, Team 2=350
Info: Winner is Team 1
