Info: ..
Info: Team1: A, C
Info: Team2: B, D
S: Q 7
C: Q 7 3
D: K T 7 5
H: A T 6 2
Bid> Info: B bids 8H
Info: C bids 9D
Info: D passes
[9D] - Bid (or pass)> Info: B passes
Info: C plays JH
Info: D plays QH
S: Q 7
C: Q 7 3
D: K T 7 5
H: A T 6 2
[H] play> S: Q 7
C: Q 7 3
D: K T 7 5
H: A T 6 2
[H] play> Info: B plays 4H
Info: D won
Info: D plays AS
S: Q 7
C: Q 7 3
D: K T 7 5
H: A T 6
[S] play> Info: B plays 6S
Info: C plays 4S
Info: D won
Info: D plays KS
S: Q
C: Q 7 3
D: K T 7 5
H: A T 6
[S] play> S: Q
C: Q 7 3
D: K T 7 5
H: A T 6
[S] play> Info: B plays TS
Info: C plays 9S
Info: D won
Info: D plays JS
S:
C: Q 7 3
D: K T 7 5
H: A T 6
[S] play> Info: B plays JD
Info: C plays KC
Info: B won
Info: B plays AC
Info: C plays 4C
Info: D plays JC
S:
C: Q 7 3
D: K T 7 5
H: T 6
[C] play> Info: B won
Info: B plays KH
Info: C plays 8H
Info: D plays 7H
S:
C: 7 3
D: K T 7 5
H: T 6
[H] play> S:
C: 7 3
D: K T 7 5
H: T 6
[H] play> Info: B won
Info: B plays 9H
Info: C plays 5H
Info: D plays 3H
S:
C: 7 3
D: K T 7 5
H: 6
[H] play> Info: B won
Info: B plays TC
Info: C plays 9C
Info: D plays 8C
S:
C: 7 3
D: K T 7 5
H:
[C] play> S:
C: 7 3
D: K T 7 5
H:
[C] play> Info: B won
Info: B plays 9D
Info: C plays AD
Info: D plays 8S
S:
C: 3
D: K T 7 5
H:
[D] play> S:
C: 3
D: K T 7 5
H:
[D] play> Info: C won
Info: C plays QD
Info: D plays 5C
S:
C: 3
D: T 7 5
H:
[D] play> Info: B plays 6D
Info: C won
Info: C plays 8D
Info: D plays 5S
S:
C: 3
D: 7 5
H:
[D] play> S:
C: 3
D: 7 5
H:
[D] play> Info: B plays 3D
Info: C won
Info: C plays 4D
Info: D plays 3S
S:
C: 3
D: 7
H:
[D] play> S:
C: 3
D: 7
H:
[D] play> Info: B plays 6C
Info: A won
S:
C: 3
D:
H:
Lead> Info: B plays 2C
Info: C plays 2D
Info: D plays 2S
Info: C won
Info: Team 1=-290, Team 2=0
S: Q 7
C: Q 7 3
D: K T 7 5
H: A T 6 2
Bid> S: Q 7
C: Q 7 3
D: K T 7 5
H: A T 6 2
Lead> Info: B plays TS
Info: C plays 4S
Info: D plays 2S
Info: B won
Info: B plays AC
Info: C plays KC
Info: D plays JC
S: Q
C: Q 7 3
D: K T 7 5
H: A T 6 2
[C] play> Info: B won
Info: B plays TC
Info: C plays 9C
Info: D plays 8C
S: Q
C: 7 3
D: K T 7 5
H: A T 6 2
[C] play> Info: B won
Info: B plays 6C
Info: C plays 4C
Info: D plays 5C
S: Q
C: 3
D: K T 7 5
H: A T 6 2
[C] play> Info: B won
Info: B plays KH
Info: C plays JH
Info: D plays 3H
S: Q
C:
D: K T 7 5
H: A T 6 2
[H] play> Info: B won
Info: B plays JD
Info: C plays 8D
Info: D plays 3S
S: Q
C:
D: K T 7 5
H: A T 2
[D] play> Info: B won
Info: B plays 6S
Info: C plays 9S
Info: D plays AS
S: Q
C:
D: K T 7
H: A T 2
[S] play> Info: D won
Info: D plays KS
S:
C:
D: K T 7
H: A T 2
[S] play> Info: B plays 3D
Info: C plays 2D
Info: D won
Info: D plays JS
S:
C:
D: K T
H: A T 2
[S] play> Info: B plays 2C
Info: C plays AD
Info: D won
Info: D plays 5S
S:
C:
D: K
H: A T 2
[S] play> Info: B plays 9D
Info: C plays QD
Info: A won
S:
C:
D: K
H: T 2
Lead> Info: B plays 4H
Info: C plays 5H
Info: D plays QH
Info: D won
Info: D plays 8S
S:
C:
D: K
H: 2
[S] play> Info: B plays 9H
Info: C plays 4D
Info: B won
Info: B plays 6D
Info: C plays 8H
Info: D plays 7H
S:
C:
D:
H: 2
[D] play> Info: C won
Info: Team 1=-590, Team 2=0
Info: Winner is Team 2
